src/app/admin/members/page.tsx(19,9): error TS2531: Object is possibly 'null'.
src/app/admin/schedules/[id]/page.tsx(43,9): error TS2531: Object is possibly 'null'.
